Simulator report for m_group
Thu Aug 08 15:02:18 2013
Quartus II Version 9.0 Build 235 06/17/2009 Service Pack 2 SJ Web Edition


---------------------
; Table of Contents ;
---------------------
  1. Legal Notice
  2. Simulator Summary
  3. Simulator Settings
  4. Simulation Waveforms
  5. Coverage Summary
  6. Complete 1/0-Value Coverage
  7. Missing 1-Value Coverage
  8. Missing 0-Value Coverage
  9. Simulator INI Usage
 10. Simulator Messages



----------------
; Legal Notice ;
----------------
Copyright (C) 1991-2009 Altera Corporation
Your use of Altera Corporation's design tools, logic functions 
and other software and tools, and its AMPP partner logic 
functions, and any output files from any of the foregoing 
(including device programming or simulation files), and any 
associated documentation or information are expressly subject 
to the terms and conditions of the Altera Program License 
Subscription Agreement, Altera MegaCore Function License 
Agreement, or other applicable license agreement, including, 
without limitation, that your use is for the sole purpose of 
programming logic devices manufactured by Altera and sold by 
Altera or its authorized distributors.  Please refer to the 
applicable agreement for further details.



+--------------------------------------------+
; Simulator Summary                          ;
+-----------------------------+--------------+
; Type                        ; Value        ;
+-----------------------------+--------------+
; Simulation Start Time       ; 0 ps         ;
; Simulation End Time         ; 1.0 us       ;
; Simulation Netlist Size     ; 31 nodes     ;
; Simulation Coverage         ;      25.81 % ;
; Total Number of Transitions ; 13897        ;
; Simulation Breakpoints      ; 0            ;
; Family                      ; Cyclone II   ;
; Device                      ; EP2C8T144C8  ;
+-----------------------------+--------------+


+-------------------------------------------------------------------------------------------------------------------------+
; Simulator Settings                                                                                                      ;
+--------------------------------------------------------------------------------------------+------------+---------------+
; Option                                                                                     ; Setting    ; Default Value ;
+--------------------------------------------------------------------------------------------+------------+---------------+
; Simulation mode                                                                            ; Timing     ; Timing        ;
; Start time                                                                                 ; 0 ns       ; 0 ns          ;
; Simulation results format                                                                  ; CVWF       ;               ;
; Add pins automatically to simulation output waveforms                                      ; On         ; On            ;
; Check outputs                                                                              ; Off        ; Off           ;
; Report simulation coverage                                                                 ; On         ; On            ;
; Display complete 1/0 value coverage report                                                 ; On         ; On            ;
; Display missing 1-value coverage report                                                    ; On         ; On            ;
; Display missing 0-value coverage report                                                    ; On         ; On            ;
; Detect setup and hold time violations                                                      ; Off        ; Off           ;
; Detect glitches                                                                            ; Off        ; Off           ;
; Disable timing delays in Timing Simulation                                                 ; Off        ; Off           ;
; Generate Signal Activity File                                                              ; Off        ; Off           ;
; Generate VCD File for PowerPlay Power Analyzer                                             ; Off        ; Off           ;
; Group bus channels in simulation results                                                   ; Off        ; Off           ;
; Preserve fewer signal transitions to reduce memory requirements                            ; On         ; On            ;
; Trigger vector comparison with the specified mode                                          ; INPUT_EDGE ; INPUT_EDGE    ;
; Disable setup and hold time violations detection in input registers of bi-directional pins ; Off        ; Off           ;
; Overwrite Waveform Inputs With Simulation Outputs                                          ; Off        ;               ;
; Perform Glitch Filtering in Timing Simulation                                              ; Auto       ; Auto          ;
+--------------------------------------------------------------------------------------------+------------+---------------+


+----------------------+
; Simulation Waveforms ;
+----------------------+
Waveform report data cannot be output to ASCII.
Please use Quartus II to view the waveform report data.


+--------------------------------------------------------------------+
; Coverage Summary                                                   ;
+-----------------------------------------------------+--------------+
; Type                                                ; Value        ;
+-----------------------------------------------------+--------------+
; Total coverage as a percentage                      ;      25.81 % ;
; Total nodes checked                                 ; 31           ;
; Total output ports checked                          ; 31           ;
; Total output ports with complete 1/0-value coverage ; 8            ;
; Total output ports with no 1/0-value coverage       ; 21           ;
; Total output ports with no 1-value coverage         ; 23           ;
; Total output ports with no 0-value coverage         ; 21           ;
+-----------------------------------------------------+--------------+


The following table displays output ports that toggle between 1 and 0 during simulation.
+----------------------------------------------------------------+
; Complete 1/0-Value Coverage                                    ;
+----------------------+----------------------+------------------+
; Node Name            ; Output Port Name     ; Output Port Type ;
+----------------------+----------------------+------------------+
; |m_group|cnt[0]      ; |m_group|cnt[0]      ; regout           ;
; |m_group|cnt[1]      ; |m_group|cnt[1]      ; regout           ;
; |m_group|cnt~6       ; |m_group|cnt~6       ; combout          ;
; |m_group|cnt[0]~7    ; |m_group|cnt[0]~7    ; combout          ;
; |m_group|clk         ; |m_group|clk~corein  ; combout          ;
; |m_group|nCR         ; |m_group|nCR~corein  ; combout          ;
; |m_group|clk~clkctrl ; |m_group|clk~clkctrl ; outclk           ;
; |m_group|nCR~clkctrl ; |m_group|nCR~clkctrl ; outclk           ;
+----------------------+----------------------+------------------+


The following table displays output ports that do not toggle to 1 during simulation.
+------------------------------------------------------------------------------------------------------+
; Missing 1-Value Coverage                                                                             ;
+-----------------------------------------+-----------------------------------------+------------------+
; Node Name                               ; Output Port Name                        ; Output Port Type ;
+-----------------------------------------+-----------------------------------------+------------------+
; |m_group|lfsr:data_lfsr1|sreg[0]        ; |m_group|lfsr:data_lfsr1|sreg[0]        ; regout           ;
; |m_group|cnt[2]                         ; |m_group|cnt[2]                         ; regout           ;
; |m_group|cnt[3]                         ; |m_group|cnt[3]                         ; regout           ;
; |m_group|Equal0~0                       ; |m_group|Equal0~0                       ; combout          ;
; |m_group|lfsr:data_lfsr1|sreg[1]        ; |m_group|lfsr:data_lfsr1|sreg[1]        ; regout           ;
; |m_group|cnt~4                          ; |m_group|cnt~4                          ; combout          ;
; |m_group|cnt[3]~5                       ; |m_group|cnt[3]~5                       ; combout          ;
; |m_group|lfsr:data_lfsr1|sreg[2]        ; |m_group|lfsr:data_lfsr1|sreg[2]        ; regout           ;
; |m_group|lfsr:data_lfsr1|sreg~3         ; |m_group|lfsr:data_lfsr1|sreg~3         ; combout          ;
; |m_group|lfsr:data_lfsr1|sreg[3]        ; |m_group|lfsr:data_lfsr1|sreg[3]        ; regout           ;
; |m_group|lfsr:data_lfsr1|sreg~4         ; |m_group|lfsr:data_lfsr1|sreg~4         ; combout          ;
; |m_group|lfsr:data_lfsr1|sreg[4]        ; |m_group|lfsr:data_lfsr1|sreg[4]        ; regout           ;
; |m_group|lfsr:data_lfsr1|sreg~5         ; |m_group|lfsr:data_lfsr1|sreg~5         ; combout          ;
; |m_group|lfsr:data_lfsr1|sreg[5]        ; |m_group|lfsr:data_lfsr1|sreg[5]        ; regout           ;
; |m_group|lfsr:data_lfsr1|sreg[6]        ; |m_group|lfsr:data_lfsr1|sreg[6]        ; regout           ;
; |m_group|lfsr:data_lfsr1|sreg[7]        ; |m_group|lfsr:data_lfsr1|sreg[7]        ; regout           ;
; |m_group|lfsr:data_lfsr1|sreg[0]~6      ; |m_group|lfsr:data_lfsr1|sreg[0]~6      ; combout          ;
; |m_group|lfsr:data_lfsr1|sreg[7]~7      ; |m_group|lfsr:data_lfsr1|sreg[7]~7      ; combout          ;
; |m_group|m                              ; |m_group|m                              ; padio            ;
; |m_group|out                            ; |m_group|out                            ; padio            ;
; |m_group|dir                            ; |m_group|dir                            ; padio            ;
; |m_group|lfsr:data_lfsr1|sreg[4]~feeder ; |m_group|lfsr:data_lfsr1|sreg[4]~feeder ; combout          ;
; |m_group|lfsr:data_lfsr1|sreg[5]~feeder ; |m_group|lfsr:data_lfsr1|sreg[5]~feeder ; combout          ;
+-----------------------------------------+-----------------------------------------+------------------+


The following table displays output ports that do not toggle to 0 during simulation.
+------------------------------------------------------------------------------------------------------+
; Missing 0-Value Coverage                                                                             ;
+-----------------------------------------+-----------------------------------------+------------------+
; Node Name                               ; Output Port Name                        ; Output Port Type ;
+-----------------------------------------+-----------------------------------------+------------------+
; |m_group|lfsr:data_lfsr1|sreg[0]        ; |m_group|lfsr:data_lfsr1|sreg[0]        ; regout           ;
; |m_group|Equal0~0                       ; |m_group|Equal0~0                       ; combout          ;
; |m_group|lfsr:data_lfsr1|sreg[1]        ; |m_group|lfsr:data_lfsr1|sreg[1]        ; regout           ;
; |m_group|cnt~4                          ; |m_group|cnt~4                          ; combout          ;
; |m_group|cnt[3]~5                       ; |m_group|cnt[3]~5                       ; combout          ;
; |m_group|lfsr:data_lfsr1|sreg[2]        ; |m_group|lfsr:data_lfsr1|sreg[2]        ; regout           ;
; |m_group|lfsr:data_lfsr1|sreg~3         ; |m_group|lfsr:data_lfsr1|sreg~3         ; combout          ;
; |m_group|lfsr:data_lfsr1|sreg[3]        ; |m_group|lfsr:data_lfsr1|sreg[3]        ; regout           ;
; |m_group|lfsr:data_lfsr1|sreg~4         ; |m_group|lfsr:data_lfsr1|sreg~4         ; combout          ;
; |m_group|lfsr:data_lfsr1|sreg[4]        ; |m_group|lfsr:data_lfsr1|sreg[4]        ; regout           ;
; |m_group|lfsr:data_lfsr1|sreg~5         ; |m_group|lfsr:data_lfsr1|sreg~5         ; combout          ;
; |m_group|lfsr:data_lfsr1|sreg[5]        ; |m_group|lfsr:data_lfsr1|sreg[5]        ; regout           ;
; |m_group|lfsr:data_lfsr1|sreg[6]        ; |m_group|lfsr:data_lfsr1|sreg[6]        ; regout           ;
; |m_group|lfsr:data_lfsr1|sreg[7]        ; |m_group|lfsr:data_lfsr1|sreg[7]        ; regout           ;
; |m_group|lfsr:data_lfsr1|sreg[0]~6      ; |m_group|lfsr:data_lfsr1|sreg[0]~6      ; combout          ;
; |m_group|lfsr:data_lfsr1|sreg[7]~7      ; |m_group|lfsr:data_lfsr1|sreg[7]~7      ; combout          ;
; |m_group|m                              ; |m_group|m                              ; padio            ;
; |m_group|out                            ; |m_group|out                            ; padio            ;
; |m_group|dir                            ; |m_group|dir                            ; padio            ;
; |m_group|lfsr:data_lfsr1|sreg[4]~feeder ; |m_group|lfsr:data_lfsr1|sreg[4]~feeder ; combout          ;
; |m_group|lfsr:data_lfsr1|sreg[5]~feeder ; |m_group|lfsr:data_lfsr1|sreg[5]~feeder ; combout          ;
+-----------------------------------------+-----------------------------------------+------------------+


+---------------------+
; Simulator INI Usage ;
+--------+------------+
; Option ; Usage      ;
+--------+------------+


+--------------------+
; Simulator Messages ;
+--------------------+
Info: *******************************************************************
Info: Running Quartus II Simulator
    Info: Version 9.0 Build 235 06/17/2009 Service Pack 2 SJ Web Edition
    Info: Processing started: Thu Aug 08 15:02:17 2013
Info: Command: quartus_sim --read_settings_files=on --write_settings_files=off m_group -c m_group
Info: Using vector source file "D:/WORKPLACE/VerilogPRJ/m_group/m_group.vwf"
Warning: Ignored node in vector source file. Can't find corresponding node name "done" in design.
Warning: Ignored node in vector source file. Can't find corresponding node name "rdy" in design.
Warning: Ignored node in vector source file. Can't find corresponding node name "result[7]" in design.
Warning: Ignored node in vector source file. Can't find corresponding node name "result[6]" in design.
Warning: Ignored node in vector source file. Can't find corresponding node name "result[5]" in design.
Warning: Ignored node in vector source file. Can't find corresponding node name "result[4]" in design.
Warning: Ignored node in vector source file. Can't find corresponding node name "result[3]" in design.
Warning: Ignored node in vector source file. Can't find corresponding node name "result[2]" in design.
Warning: Ignored node in vector source file. Can't find corresponding node name "result[1]" in design.
Warning: Ignored node in vector source file. Can't find corresponding node name "result[0]" in design.
Info: Inverted registers were found during simulation
    Info: Register: |m_group|lfsr:data_lfsr1|sreg[0]
Info: Option to preserve fewer signal transitions to reduce memory requirements is enabled
    Info: Simulation has been partitioned into sub-simulations according to the maximum transition count determined by the engine. Transitions from memory will be flushed out to disk at the end of each sub-simulation to reduce memory requirements.
Warning: Found clock high time violation at 4.09 ns on register "|m_group|cnt[2]"
Warning: Found clock high time violation at 4.09 ns on register "|m_group|cnt[0]"
Warning: Found clock high time violation at 4.09 ns on register "|m_group|cnt[3]"
Warning: Found clock high time violation at 4.09 ns on register "|m_group|cnt[1]"
Warning: Found clock high time violation at 4.83 ns on register "|m_group|cnt[2]"
Warning: Found clock high time violation at 4.83 ns on register "|m_group|cnt[0]"
Warning: Found clock high time violation at 4.83 ns on register "|m_group|cnt[3]"
Warning: Found clock high time violation at 4.83 ns on register "|m_group|cnt[1]"
Warning: Found clock high time violation at 5.83 ns on register "|m_group|cnt[2]"
Warning: Found clock high time violation at 5.83 ns on register "|m_group|cnt[0]"
Warning: Found clock high time violation at 5.83 ns on register "|m_group|cnt[3]"
Warning: Found clock high time violation at 5.83 ns on register "|m_group|cnt[1]"
Warning: Found clock high time violation at 6.83 ns on register "|m_group|cnt[2]"
Warning: Found clock high time violation at 6.83 ns on register "|m_group|cnt[0]"
Warning: Found clock high time violation at 6.83 ns on register "|m_group|cnt[3]"
Warning: Found clock high time violation at 6.83 ns on register "|m_group|cnt[1]"
Warning: Found clock high time violation at 7.83 ns on register "|m_group|cnt[2]"
Warning: Found clock high time violation at 7.83 ns on register "|m_group|cnt[0]"
Warning: Found clock high time violation at 7.83 ns on register "|m_group|cnt[3]"
Warning: Found clock high time violation at 7.83 ns on register "|m_group|cnt[1]"
Warning: Found clock high time violation at 8.83 ns on register "|m_group|cnt[2]"
Warning: Found clock high time violation at 8.83 ns on register "|m_group|cnt[0]"
Warning: Found clock high time violation at 8.83 ns on register "|m_group|cnt[3]"
Warning: Found clock high time violation at 8.83 ns on register "|m_group|cnt[1]"
Warning: Found clock high time violation at 9.83 ns on register "|m_group|cnt[2]"
Warning: Found clock high time violation at 9.83 ns on register "|m_group|cnt[0]"
Warning: Found clock high time violation at 9.83 ns on register "|m_group|cnt[3]"
Warning: Found clock high time violation at 9.83 ns on register "|m_group|cnt[1]"
Warning: Found clock high time violation at 10.83 ns on register "|m_group|cnt[2]"
Warning: Found clock high time violation at 10.83 ns on register "|m_group|cnt[0]"
Warning: Found clock high time violation at 10.83 ns on register "|m_group|cnt[3]"
Warning: Found clock high time violation at 10.83 ns on register "|m_group|cnt[1]"
Warning: Found clock high time violation at 11.83 ns on register "|m_group|cnt[2]"
Warning: Found clock high time violation at 11.83 ns on register "|m_group|cnt[0]"
Warning: Found clock high time violation at 11.83 ns on register "|m_group|cnt[3]"
Warning: Found clock high time violation at 11.83 ns on register "|m_group|cnt[1]"
Warning: Found clock high time violation at 12.83 ns on register "|m_group|cnt[2]"
Warning: Found clock high time violation at 12.83 ns on register "|m_group|cnt[0]"
Warning: Found clock high time violation at 12.83 ns on register "|m_group|cnt[3]"
Warning: Found clock high time violation at 12.83 ns on register "|m_group|cnt[1]"
Warning: Found clock high time violation at 22.83 ns on register "|m_group|cnt[2]"
Warning: Found clock high time violation at 22.83 ns on register "|m_group|cnt[0]"
Warning: Found clock high time violation at 22.83 ns on register "|m_group|cnt[3]"
Warning: Found clock high time violation at 22.83 ns on register "|m_group|cnt[1]"
Warning: Found clock high time violation at 23.83 ns on register "|m_group|cnt[2]"
Warning: Found clock high time violation at 23.83 ns on register "|m_group|cnt[0]"
Warning: Found clock high time violation at 23.83 ns on register "|m_group|cnt[3]"
Warning: Found clock high time violation at 23.83 ns on register "|m_group|cnt[1]"
Warning: Found clock high time violation at 24.83 ns on register "|m_group|cnt[2]"
Warning: Found clock high time violation at 24.83 ns on register "|m_group|cnt[0]"
Warning: Found clock high time violation at 24.83 ns on register "|m_group|cnt[3]"
Warning: Found clock high time violation at 24.83 ns on register "|m_group|cnt[1]"
Warning: Found clock high time violation at 25.83 ns on register "|m_group|cnt[2]"
Warning: Found clock high time violation at 25.83 ns on register "|m_group|cnt[0]"
Warning: Found clock high time violation at 25.83 ns on register "|m_group|cnt[3]"
Warning: Found clock high time violation at 25.83 ns on register "|m_group|cnt[1]"
Warning: Found clock high time violation at 26.83 ns on register "|m_group|cnt[2]"
Warning: Found clock high time violation at 26.83 ns on register "|m_group|cnt[0]"
Warning: Found clock high time violation at 26.83 ns on register "|m_group|cnt[3]"
Warning: Found clock high time violation at 26.83 ns on register "|m_group|cnt[1]"
Warning: Found clock high time violation at 27.83 ns on register "|m_group|cnt[2]"
Warning: Found clock high time violation at 27.83 ns on register "|m_group|cnt[0]"
Warning: Found clock high time violation at 27.83 ns on register "|m_group|cnt[3]"
Warning: Found clock high time violation at 27.83 ns on register "|m_group|cnt[1]"
Warning: Found clock high time violation at 28.83 ns on register "|m_group|cnt[2]"
Warning: Found clock high time violation at 28.83 ns on register "|m_group|cnt[0]"
Warning: Found clock high time violation at 28.83 ns on register "|m_group|cnt[3]"
Warning: Found clock high time violation at 28.83 ns on register "|m_group|cnt[1]"
Warning: Found clock high time violation at 29.83 ns on register "|m_group|cnt[2]"
Warning: Found clock high time violation at 29.83 ns on register "|m_group|cnt[0]"
Warning: Found clock high time violation at 29.83 ns on register "|m_group|cnt[3]"
Warning: Found clock high time violation at 29.83 ns on register "|m_group|cnt[1]"
Warning: Found clock high time violation at 30.83 ns on register "|m_group|cnt[2]"
Warning: Found clock high time violation at 30.83 ns on register "|m_group|cnt[0]"
Warning: Found clock high time violation at 30.83 ns on register "|m_group|cnt[3]"
Warning: Found clock high time violation at 30.83 ns on register "|m_group|cnt[1]"
Warning: Found clock high time violation at 31.83 ns on register "|m_group|cnt[2]"
Warning: Found clock high time violation at 31.83 ns on register "|m_group|cnt[0]"
Warning: Found clock high time violation at 31.83 ns on register "|m_group|cnt[3]"
Warning: Found clock high time violation at 31.83 ns on register "|m_group|cnt[1]"
Warning: Found clock high time violation at 32.83 ns on register "|m_group|cnt[2]"
Warning: Found clock high time violation at 32.83 ns on register "|m_group|cnt[0]"
Warning: Found clock high time violation at 32.83 ns on register "|m_group|cnt[3]"
Warning: Found clock high time violation at 32.83 ns on register "|m_group|cnt[1]"
Warning: Found clock high time violation at 33.83 ns on register "|m_group|cnt[2]"
Warning: Found clock high time violation at 33.83 ns on register "|m_group|cnt[0]"
Warning: Found clock high time violation at 33.83 ns on register "|m_group|cnt[3]"
Warning: Found clock high time violation at 33.83 ns on register "|m_group|cnt[1]"
Warning: Found clock high time violation at 34.83 ns on register "|m_group|cnt[2]"
Warning: Found clock high time violation at 34.83 ns on register "|m_group|cnt[0]"
Warning: Found clock high time violation at 34.83 ns on register "|m_group|cnt[3]"
Warning: Found clock high time violation at 34.83 ns on register "|m_group|cnt[1]"
Warning: Found clock high time violation at 35.83 ns on register "|m_group|cnt[2]"
Warning: Found clock high time violation at 35.83 ns on register "|m_group|cnt[0]"
Warning: Found clock high time violation at 35.83 ns on register "|m_group|cnt[3]"
Warning: Found clock high time violation at 35.83 ns on register "|m_group|cnt[1]"
Warning: Found clock high time violation at 36.83 ns on register "|m_group|cnt[2]"
Warning: Found clock high time violation at 36.83 ns on register "|m_group|cnt[0]"
Warning: Found clock high time violation at 36.83 ns on register "|m_group|cnt[3]"
Warning: Found clock high time violation at 36.83 ns on register "|m_group|cnt[1]"
Warning: Found clock high time violation at 37.83 ns on register "|m_group|cnt[2]"
Warning: Found clock high time violation at 37.83 ns on register "|m_group|cnt[0]"
Warning: Found clock high time violation at 37.83 ns on register "|m_group|cnt[3]"
Warning: Found clock high time violation at 37.83 ns on register "|m_group|cnt[1]"
Warning: Found clock high time violation at 38.83 ns on register "|m_group|cnt[2]"
Warning: Found clock high time violation at 38.83 ns on register "|m_group|cnt[0]"
Warning: Found clock high time violation at 38.83 ns on register "|m_group|cnt[3]"
Warning: Found clock high time violation at 38.83 ns on register "|m_group|cnt[1]"
Warning: Found clock high time violation at 39.83 ns on register "|m_group|cnt[2]"
Warning: Found clock high time violation at 39.83 ns on register "|m_group|cnt[0]"
Warning: Found clock high time violation at 39.83 ns on register "|m_group|cnt[3]"
Warning: Found clock high time violation at 39.83 ns on register "|m_group|cnt[1]"
Warning: Found clock high time violation at 40.83 ns on register "|m_group|cnt[2]"
Warning: Found clock high time violation at 40.83 ns on register "|m_group|cnt[0]"
Warning: Found clock high time violation at 40.83 ns on register "|m_group|cnt[3]"
Warning: Found clock high time violation at 40.83 ns on register "|m_group|cnt[1]"
Warning: Found clock high time violation at 41.83 ns on register "|m_group|cnt[2]"
Warning: Found clock high time violation at 41.83 ns on register "|m_group|cnt[0]"
Warning: Found clock high time violation at 41.83 ns on register "|m_group|cnt[3]"
Warning: Found clock high time violation at 41.83 ns on register "|m_group|cnt[1]"
Warning: Found clock high time violation at 42.83 ns on register "|m_group|cnt[2]"
Warning: Found clock high time violation at 42.83 ns on register "|m_group|cnt[0]"
Warning: Found clock high time violation at 42.83 ns on register "|m_group|cnt[3]"
Warning: Found clock high time violation at 42.83 ns on register "|m_group|cnt[1]"
Warning: Found clock high time violation at 43.83 ns on register "|m_group|cnt[2]"
Warning: Found clock high time violation at 43.83 ns on register "|m_group|cnt[0]"
Warning: Found clock high time violation at 43.83 ns on register "|m_group|cnt[3]"
Warning: Found clock high time violation at 43.83 ns on register "|m_group|cnt[1]"
Warning: Found clock high time violation at 44.83 ns on register "|m_group|cnt[2]"
Warning: Found clock high time violation at 44.83 ns on register "|m_group|cnt[0]"
Warning: Found clock high time violation at 44.83 ns on register "|m_group|cnt[3]"
Warning: Found clock high time violation at 44.83 ns on register "|m_group|cnt[1]"
Warning: Found clock high time violation at 45.83 ns on register "|m_group|cnt[2]"
Warning: Found clock high time violation at 45.83 ns on register "|m_group|cnt[0]"
Warning: Found clock high time violation at 45.83 ns on register "|m_group|cnt[3]"
Warning: Found clock high time violation at 45.83 ns on register "|m_group|cnt[1]"
Warning: Found clock high time violation at 46.83 ns on register "|m_group|cnt[2]"
Warning: Found clock high time violation at 46.83 ns on register "|m_group|cnt[0]"
Warning: Found clock high time violation at 46.83 ns on register "|m_group|cnt[3]"
Warning: Found clock high time violation at 46.83 ns on register "|m_group|cnt[1]"
Warning: Found clock high time violation at 47.83 ns on register "|m_group|cnt[2]"
Warning: Found clock high time violation at 47.83 ns on register "|m_group|cnt[0]"
Warning: Found clock high time violation at 47.83 ns on register "|m_group|cnt[3]"
Warning: Found clock high time violation at 47.83 ns on register "|m_group|cnt[1]"
Warning: Found clock high time violation at 48.83 ns on register "|m_group|cnt[2]"
Warning: Found clock high time violation at 48.83 ns on register "|m_group|cnt[0]"
Warning: Found clock high time violation at 48.83 ns on register "|m_group|cnt[3]"
Warning: Found clock high time violation at 48.83 ns on register "|m_group|cnt[1]"
Warning: Found clock high time violation at 49.83 ns on register "|m_group|cnt[2]"
Warning: Found clock high time violation at 49.83 ns on register "|m_group|cnt[0]"
Warning: Found clock high time violation at 49.83 ns on register "|m_group|cnt[3]"
Warning: Found clock high time violation at 49.83 ns on register "|m_group|cnt[1]"
Warning: Found clock high time violation at 50.83 ns on register "|m_group|cnt[2]"
Warning: Found clock high time violation at 50.83 ns on register "|m_group|cnt[0]"
Warning: Found clock high time violation at 50.83 ns on register "|m_group|cnt[3]"
Warning: Found clock high time violation at 50.83 ns on register "|m_group|cnt[1]"
Warning: Found clock high time violation at 51.83 ns on register "|m_group|cnt[2]"
Warning: Found clock high time violation at 51.83 ns on register "|m_group|cnt[0]"
Warning: Found clock high time violation at 51.83 ns on register "|m_group|cnt[3]"
Warning: Found clock high time violation at 51.83 ns on register "|m_group|cnt[1]"
Warning: Found clock high time violation at 52.83 ns on register "|m_group|cnt[2]"
Warning: Found clock high time violation at 52.83 ns on register "|m_group|cnt[0]"
Warning: Found clock high time violation at 52.83 ns on register "|m_group|cnt[3]"
Warning: Found clock high time violation at 52.83 ns on register "|m_group|cnt[1]"
Warning: Found clock high time violation at 53.83 ns on register "|m_group|cnt[2]"
Warning: Found clock high time violation at 53.83 ns on register "|m_group|cnt[0]"
Warning: Found clock high time violation at 53.83 ns on register "|m_group|cnt[3]"
Warning: Found clock high time violation at 53.83 ns on register "|m_group|cnt[1]"
Warning: Found clock high time violation at 54.83 ns on register "|m_group|cnt[2]"
Warning: Found clock high time violation at 54.83 ns on register "|m_group|cnt[0]"
Warning: Found clock high time violation at 54.83 ns on register "|m_group|cnt[3]"
Warning: Found clock high time violation at 54.83 ns on register "|m_group|cnt[1]"
Warning: Found clock high time violation at 55.83 ns on register "|m_group|cnt[2]"
Warning: Found clock high time violation at 55.83 ns on register "|m_group|cnt[0]"
Warning: Found clock high time violation at 55.83 ns on register "|m_group|cnt[3]"
Warning: Found clock high time violation at 55.83 ns on register "|m_group|cnt[1]"
Warning: Found clock high time violation at 56.83 ns on register "|m_group|cnt[2]"
Warning: Found clock high time violation at 56.83 ns on register "|m_group|cnt[0]"
Warning: Found clock high time violation at 56.83 ns on register "|m_group|cnt[3]"
Warning: Found clock high time violation at 56.83 ns on register "|m_group|cnt[1]"
Warning: Found clock high time violation at 57.83 ns on register "|m_group|cnt[2]"
Warning: Found clock high time violation at 57.83 ns on register "|m_group|cnt[0]"
Warning: Found clock high time violation at 57.83 ns on register "|m_group|cnt[3]"
Warning: Found clock high time violation at 57.83 ns on register "|m_group|cnt[1]"
Warning: Found clock high time violation at 58.83 ns on register "|m_group|cnt[2]"
Warning: Found clock high time violation at 58.83 ns on register "|m_group|cnt[0]"
Warning: Found clock high time violation at 58.83 ns on register "|m_group|cnt[3]"
Warning: Found clock high time violation at 58.83 ns on register "|m_group|cnt[1]"
Warning: Found clock high time violation at 59.83 ns on register "|m_group|cnt[2]"
Warning: Found clock high time violation at 59.83 ns on register "|m_group|cnt[0]"
Warning: Found clock high time violation at 59.83 ns on register "|m_group|cnt[3]"
Warning: Found clock high time violation at 59.83 ns on register "|m_group|cnt[1]"
Warning: Found clock high time violation at 60.83 ns on register "|m_group|cnt[2]"
Warning: Found clock high time violation at 60.83 ns on register "|m_group|cnt[0]"
Warning: Found clock high time violation at 60.83 ns on register "|m_group|cnt[3]"
Warning: Found clock high time violation at 60.83 ns on register "|m_group|cnt[1]"
Warning: Found clock high time violation at 61.83 ns on register "|m_group|cnt[2]"
Warning: Found clock high time violation at 61.83 ns on register "|m_group|cnt[0]"
Warning: Found clock high time violation at 61.83 ns on register "|m_group|cnt[3]"
Warning: Found clock high time violation at 61.83 ns on register "|m_group|cnt[1]"
Warning: Found clock high time violation at 62.83 ns on register "|m_group|cnt[2]"
Warning: Found clock high time violation at 62.83 ns on register "|m_group|cnt[0]"
Warning: Found clock high time violation at 62.83 ns on register "|m_group|cnt[3]"
Warning: Found clock high time violation at 62.83 ns on register "|m_group|cnt[1]"
Warning: Found clock high time violation at 63.83 ns on register "|m_group|cnt[2]"
Warning: Found clock high time violation at 63.83 ns on register "|m_group|cnt[0]"
Warning: Found clock high time violation at 63.83 ns on register "|m_group|cnt[3]"
Warning: Found clock high time violation at 63.83 ns on register "|m_group|cnt[1]"
Warning: Found clock high time violation at 64.83 ns on register "|m_group|cnt[2]"
Warning: Found clock high time violation at 64.83 ns on register "|m_group|cnt[0]"
Warning: Found clock high time violation at 64.83 ns on register "|m_group|cnt[3]"
Warning: Found clock high time violation at 64.83 ns on register "|m_group|cnt[1]"
Warning: Found clock high time violation at 65.83 ns on register "|m_group|cnt[2]"
Warning: Found clock high time violation at 65.83 ns on register "|m_group|cnt[0]"
Warning: Found clock high time violation at 65.83 ns on register "|m_group|cnt[3]"
Warning: Found clock high time violation at 65.83 ns on register "|m_group|cnt[1]"
Warning: Found clock high time violation at 66.83 ns on register "|m_group|cnt[2]"
Warning: Found clock high time violation at 66.83 ns on register "|m_group|cnt[0]"
Warning: Found clock high time violation at 66.83 ns on register "|m_group|cnt[3]"
Warning: Found clock high time violation at 66.83 ns on register "|m_group|cnt[1]"
Warning: Found clock high time violation at 67.83 ns on register "|m_group|cnt[2]"
Warning: Found clock high time violation at 67.83 ns on register "|m_group|cnt[0]"
Warning: Found clock high time violation at 67.83 ns on register "|m_group|cnt[3]"
Warning: Found clock high time violation at 67.83 ns on register "|m_group|cnt[1]"
Warning: Found clock high time violation at 68.83 ns on register "|m_group|cnt[2]"
Warning: Found clock high time violation at 68.83 ns on register "|m_group|cnt[0]"
Warning: Found clock high time violation at 68.83 ns on register "|m_group|cnt[3]"
Warning: Found clock high time violation at 68.83 ns on register "|m_group|cnt[1]"
Warning: Found clock high time violation at 69.83 ns on register "|m_group|cnt[2]"
Warning: Found clock high time violation at 69.83 ns on register "|m_group|cnt[0]"
Warning: Found clock high time violation at 69.83 ns on register "|m_group|cnt[3]"
Warning: Found clock high time violation at 69.83 ns on register "|m_group|cnt[1]"
Warning: Found clock high time violation at 70.83 ns on register "|m_group|cnt[2]"
Warning: Found clock high time violation at 70.83 ns on register "|m_group|cnt[0]"
Warning: Found clock high time violation at 70.83 ns on register "|m_group|cnt[3]"
Warning: Found clock high time violation at 70.83 ns on register "|m_group|cnt[1]"
Warning: Found clock high time violation at 71.83 ns on register "|m_group|cnt[2]"
Warning: Found clock high time violation at 71.83 ns on register "|m_group|cnt[0]"
Warning: Found clock high time violation at 71.83 ns on register "|m_group|cnt[3]"
Warning: Found clock high time violation at 71.83 ns on register "|m_group|cnt[1]"
Warning: Found clock high time violation at 72.83 ns on register "|m_group|cnt[2]"
Warning: Found clock high time violation at 72.83 ns on register "|m_group|cnt[0]"
Warning: Found clock high time violation at 72.83 ns on register "|m_group|cnt[3]"
Warning: Found clock high time violation at 72.83 ns on register "|m_group|cnt[1]"
Warning: Found clock high time violation at 73.83 ns on register "|m_group|cnt[2]"
Warning: Found clock high time violation at 73.83 ns on register "|m_group|cnt[0]"
Warning: Found clock high time violation at 73.83 ns on register "|m_group|cnt[3]"
Warning: Found clock high time violation at 73.83 ns on register "|m_group|cnt[1]"
Warning: Found clock high time violation at 74.83 ns on register "|m_group|cnt[2]"
Warning: Found clock high time violation at 74.83 ns on register "|m_group|cnt[0]"
Warning: Found clock high time violation at 74.83 ns on register "|m_group|cnt[3]"
Warning: Found clock high time violation at 74.83 ns on register "|m_group|cnt[1]"
Warning: Found clock high time violation at 75.83 ns on register "|m_group|cnt[2]"
Warning: Found clock high time violation at 75.83 ns on register "|m_group|cnt[0]"
Warning: Found clock high time violation at 75.83 ns on register "|m_group|cnt[3]"
Warning: Found clock high time violation at 75.83 ns on register "|m_group|cnt[1]"
Warning: Found clock high time violation at 76.83 ns on register "|m_group|cnt[2]"
Warning: Found clock high time violation at 76.83 ns on register "|m_group|cnt[0]"
Warning: Found clock high time violation at 76.83 ns on register "|m_group|cnt[3]"
Warning: Found clock high time violation at 76.83 ns on register "|m_group|cnt[1]"
Warning: Found clock high time violation at 77.83 ns on register "|m_group|cnt[2]"
Warning: Found clock high time violation at 77.83 ns on register "|m_group|cnt[0]"
Warning: Found clock high time violation at 77.83 ns on register "|m_group|cnt[3]"
Warning: Found clock high time violation at 77.83 ns on register "|m_group|cnt[1]"
Warning: Found clock high time violation at 78.83 ns on register "|m_group|cnt[2]"
Warning: Found clock high time violation at 78.83 ns on register "|m_group|cnt[0]"
Warning: Found clock high time violation at 78.83 ns on register "|m_group|cnt[3]"
Warning: Found clock high time violation at 78.83 ns on register "|m_group|cnt[1]"
Warning: Found clock high time violation at 79.83 ns on register "|m_group|cnt[2]"
Warning: Found clock high time violation at 79.83 ns on register "|m_group|cnt[0]"
Warning: Found clock high time violation at 79.83 ns on register "|m_group|cnt[3]"
Warning: Found clock high time violation at 79.83 ns on register "|m_group|cnt[1]"
Warning: Found clock high time violation at 80.83 ns on register "|m_group|cnt[2]"
Warning: Found clock high time violation at 80.83 ns on register "|m_group|cnt[0]"
Warning: Found clock high time violation at 80.83 ns on register "|m_group|cnt[3]"
Warning: Found clock high time violation at 80.83 ns on register "|m_group|cnt[1]"
Warning: Found clock high time violation at 81.83 ns on register "|m_group|cnt[2]"
Warning: Found clock high time violation at 81.83 ns on register "|m_group|cnt[0]"
Warning: Found clock high time violation at 81.83 ns on register "|m_group|cnt[3]"
Warning: Found clock high time violation at 81.83 ns on register "|m_group|cnt[1]"
Warning: Found clock high time violation at 82.83 ns on register "|m_group|cnt[2]"
Warning: Found clock high time violation at 82.83 ns on register "|m_group|cnt[0]"
Warning: Found clock high time violation at 82.83 ns on register "|m_group|cnt[3]"
Warning: Found clock high time violation at 82.83 ns on register "|m_group|cnt[1]"
Warning: Found clock high time violation at 83.83 ns on register "|m_group|cnt[2]"
Warning: Found clock high time violation at 83.83 ns on register "|m_group|cnt[0]"
Warning: Found clock high time violation at 83.83 ns on register "|m_group|cnt[3]"
Warning: Found clock high time violation at 83.83 ns on register "|m_group|cnt[1]"
Warning: Found clock high time violation at 84.83 ns on register "|m_group|cnt[2]"
Warning: Found clock high time violation at 84.83 ns on register "|m_group|cnt[0]"
Warning: Found clock high time violation at 84.83 ns on register "|m_group|cnt[3]"
Warning: Found clock high time violation at 84.83 ns on register "|m_group|cnt[1]"
Warning: Found clock high time violation at 85.83 ns on register "|m_group|cnt[2]"
Warning: Found clock high time violation at 85.83 ns on register "|m_group|cnt[0]"
Warning: Found clock high time violation at 85.83 ns on register "|m_group|cnt[3]"
Warning: Found clock high time violation at 85.83 ns on register "|m_group|cnt[1]"
Warning: Found clock high time violation at 86.83 ns on register "|m_group|cnt[2]"
Warning: Found clock high time violation at 86.83 ns on register "|m_group|cnt[0]"
Warning: Found clock high time violation at 86.83 ns on register "|m_group|cnt[3]"
Warning: Found clock high time violation at 86.83 ns on register "|m_group|cnt[1]"
Warning: Found clock high time violation at 87.83 ns on register "|m_group|cnt[2]"
Warning: Found clock high time violation at 87.83 ns on register "|m_group|cnt[0]"
Warning: Found clock high time violation at 87.83 ns on register "|m_group|cnt[3]"
Warning: Found clock high time violation at 87.83 ns on register "|m_group|cnt[1]"
Warning: Found clock high time violation at 88.83 ns on register "|m_group|cnt[2]"
Warning: Found clock high time violation at 88.83 ns on register "|m_group|cnt[0]"
Warning: Found clock high time violation at 88.83 ns on register "|m_group|cnt[3]"
Warning: Found clock high time violation at 88.83 ns on register "|m_group|cnt[1]"
Warning: Found clock high time violation at 89.83 ns on register "|m_group|cnt[2]"
Warning: Found clock high time violation at 89.83 ns on register "|m_group|cnt[0]"
Warning: Found clock high time violation at 89.83 ns on register "|m_group|cnt[3]"
Warning: Found clock high time violation at 89.83 ns on register "|m_group|cnt[1]"
Warning: Found clock high time violation at 90.83 ns on register "|m_group|cnt[2]"
Warning: Found clock high time violation at 90.83 ns on register "|m_group|cnt[0]"
Warning: Found clock high time violation at 90.83 ns on register "|m_group|cnt[3]"
Warning: Found clock high time violation at 90.83 ns on register "|m_group|cnt[1]"
Warning: Found clock high time violation at 91.83 ns on register "|m_group|cnt[2]"
Warning: Found clock high time violation at 91.83 ns on register "|m_group|cnt[0]"
Warning: Found clock high time violation at 91.83 ns on register "|m_group|cnt[3]"
Warning: Found clock high time violation at 91.83 ns on register "|m_group|cnt[1]"
Warning: Found clock high time violation at 92.83 ns on register "|m_group|cnt[2]"
Warning: Found clock high time violation at 92.83 ns on register "|m_group|cnt[0]"
Warning: Found clock high time violation at 92.83 ns on register "|m_group|cnt[3]"
Warning: Found clock high time violation at 92.83 ns on register "|m_group|cnt[1]"
Warning: Found clock high time violation at 93.83 ns on register "|m_group|cnt[2]"
Warning: Found clock high time violation at 93.83 ns on register "|m_group|cnt[0]"
Warning: Found clock high time violation at 93.83 ns on register "|m_group|cnt[3]"
Warning: Found clock high time violation at 93.83 ns on register "|m_group|cnt[1]"
Warning: Found clock high time violation at 94.83 ns on register "|m_group|cnt[2]"
Warning: Found clock high time violation at 94.83 ns on register "|m_group|cnt[0]"
Warning: Found clock high time violation at 94.83 ns on register "|m_group|cnt[3]"
Warning: Found clock high time violation at 94.83 ns on register "|m_group|cnt[1]"
Warning: Found clock high time violation at 95.83 ns on register "|m_group|cnt[2]"
Warning: Found clock high time violation at 95.83 ns on register "|m_group|cnt[0]"
Warning: Found clock high time violation at 95.83 ns on register "|m_group|cnt[3]"
Warning: Found clock high time violation at 95.83 ns on register "|m_group|cnt[1]"
Warning: Found clock high time violation at 96.83 ns on register "|m_group|cnt[2]"
Warning: Found clock high time violation at 96.83 ns on register "|m_group|cnt[0]"
Warning: Found clock high time violation at 96.83 ns on register "|m_group|cnt[3]"
Warning: Found clock high time violation at 96.83 ns on register "|m_group|cnt[1]"
Warning: Found clock high time violation at 97.83 ns on register "|m_group|cnt[2]"
Warning: Found clock high time violation at 97.83 ns on register "|m_group|cnt[0]"
Warning: Found clock high time violation at 97.83 ns on register "|m_group|cnt[3]"
Warning: Found clock high time violation at 97.83 ns on register "|m_group|cnt[1]"
Warning: Found clock high time violation at 98.83 ns on register "|m_group|cnt[2]"
Warning: Found clock high time violation at 98.83 ns on register "|m_group|cnt[0]"
Warning: Found clock high time violation at 98.83 ns on register "|m_group|cnt[3]"
Warning: Found clock high time violation at 98.83 ns on register "|m_group|cnt[1]"
Warning: Found clock high time violation at 99.83 ns on register "|m_group|cnt[2]"
Warning: Found clock high time violation at 99.83 ns on register "|m_group|cnt[0]"
Warning: Found clock high time violation at 99.83 ns on register "|m_group|cnt[3]"
Warning: Found clock high time violation at 99.83 ns on register "|m_group|cnt[1]"
Warning: Found clock high time violation at 100.83 ns on register "|m_group|cnt[2]"
Warning: Found clock high time violation at 100.83 ns on register "|m_group|cnt[0]"
Warning: Found clock high time violation at 100.83 ns on register "|m_group|cnt[3]"
Warning: Found clock high time violation at 100.83 ns on register "|m_group|cnt[1]"
Warning: Found clock high time violation at 101.83 ns on register "|m_group|cnt[2]"
Warning: Found clock high time violation at 101.83 ns on register "|m_group|cnt[0]"
Warning: Found clock high time violation at 101.83 ns on register "|m_group|cnt[3]"
Warning: Found clock high time violation at 101.83 ns on register "|m_group|cnt[1]"
Warning: Found clock high time violation at 102.83 ns on register "|m_group|cnt[2]"
Warning: Found clock high time violation at 102.83 ns on register "|m_group|cnt[0]"
Warning: Found clock high time violation at 102.83 ns on register "|m_group|cnt[3]"
Warning: Found clock high time violation at 102.83 ns on register "|m_group|cnt[1]"
Warning: Found clock high time violation at 103.83 ns on register "|m_group|cnt[2]"
Warning: Found clock high time violation at 103.83 ns on register "|m_group|cnt[0]"
Warning: Found clock high time violation at 103.83 ns on register "|m_group|cnt[3]"
Warning: Found clock high time violation at 103.83 ns on register "|m_group|cnt[1]"
Warning: Found clock high time violation at 104.83 ns on register "|m_group|cnt[2]"
Warning: Found clock high time violation at 104.83 ns on register "|m_group|cnt[0]"
Warning: Found clock high time violation at 104.83 ns on register "|m_group|cnt[3]"
Warning: Found clock high time violation at 104.83 ns on register "|m_group|cnt[1]"
Warning: Found clock high time violation at 105.83 ns on register "|m_group|cnt[2]"
Warning: Found clock high time violation at 105.83 ns on register "|m_group|cnt[0]"
Warning: Found clock high time violation at 105.83 ns on register "|m_group|cnt[3]"
Warning: Found clock high time violation at 105.83 ns on register "|m_group|cnt[1]"
Warning: Found clock high time violation at 106.83 ns on register "|m_group|cnt[2]"
Warning: Found clock high time violation at 106.83 ns on register "|m_group|cnt[0]"
Warning: Found clock high time violation at 106.83 ns on register "|m_group|cnt[3]"
Warning: Found clock high time violation at 106.83 ns on register "|m_group|cnt[1]"
Warning: Found clock high time violation at 107.83 ns on register "|m_group|cnt[2]"
Warning: Found clock high time violation at 107.83 ns on register "|m_group|cnt[0]"
Warning: Found clock high time violation at 107.83 ns on register "|m_group|cnt[3]"
Warning: Found clock high time violation at 107.83 ns on register "|m_group|cnt[1]"
Warning: Found clock high time violation at 108.83 ns on register "|m_group|cnt[2]"
Warning: Found clock high time violation at 108.83 ns on register "|m_group|cnt[0]"
Warning: Found clock high time violation at 108.83 ns on register "|m_group|cnt[3]"
Warning: Found clock high time violation at 108.83 ns on register "|m_group|cnt[1]"
Warning: Found clock high time violation at 109.83 ns on register "|m_group|cnt[2]"
Warning: Found clock high time violation at 109.83 ns on register "|m_group|cnt[0]"
Warning: Found clock high time violation at 109.83 ns on register "|m_group|cnt[3]"
Warning: Found clock high time violation at 109.83 ns on register "|m_group|cnt[1]"
Warning: Found clock high time violation at 110.83 ns on register "|m_group|cnt[2]"
Warning: Found clock high time violation at 110.83 ns on register "|m_group|cnt[0]"
Warning: Found clock high time violation at 110.83 ns on register "|m_group|cnt[3]"
Warning: Found clock high time violation at 110.83 ns on register "|m_group|cnt[1]"
Warning: Found clock high time violation at 111.83 ns on register "|m_group|cnt[2]"
Warning: Found clock high time violation at 111.83 ns on register "|m_group|cnt[0]"
Warning: Found clock high time violation at 111.83 ns on register "|m_group|cnt[3]"
Warning: Found clock high time violation at 111.83 ns on register "|m_group|cnt[1]"
Warning: Found clock high time violation at 112.83 ns on register "|m_group|cnt[2]"
Warning: Found clock high time violation at 112.83 ns on register "|m_group|cnt[0]"
Warning: Found clock high time violation at 112.83 ns on register "|m_group|cnt[3]"
Warning: Found clock high time violation at 112.83 ns on register "|m_group|cnt[1]"
Warning: Found clock high time violation at 113.83 ns on register "|m_group|cnt[2]"
Warning: Found clock high time violation at 113.83 ns on register "|m_group|cnt[0]"
Warning: Found clock high time violation at 113.83 ns on register "|m_group|cnt[3]"
Warning: Found clock high time violation at 113.83 ns on register "|m_group|cnt[1]"
Warning: Found clock high time violation at 114.83 ns on register "|m_group|cnt[2]"
Warning: Found clock high time violation at 114.83 ns on register "|m_group|cnt[0]"
Warning: Found clock high time violation at 114.83 ns on register "|m_group|cnt[3]"
Warning: Found clock high time violation at 114.83 ns on register "|m_group|cnt[1]"
Warning: Found clock high time violation at 115.83 ns on register "|m_group|cnt[2]"
Warning: Found clock high time violation at 115.83 ns on register "|m_group|cnt[0]"
Warning: Found clock high time violation at 115.83 ns on register "|m_group|cnt[3]"
Warning: Found clock high time violation at 115.83 ns on register "|m_group|cnt[1]"
Warning: Found clock high time violation at 116.83 ns on register "|m_group|cnt[2]"
Warning: Found clock high time violation at 116.83 ns on register "|m_group|cnt[0]"
Warning: Found clock high time violation at 116.83 ns on register "|m_group|cnt[3]"
Warning: Found clock high time violation at 116.83 ns on register "|m_group|cnt[1]"
Warning: Found clock high time violation at 117.83 ns on register "|m_group|cnt[2]"
Warning: Found clock high time violation at 117.83 ns on register "|m_group|cnt[0]"
Warning: Found clock high time violation at 117.83 ns on register "|m_group|cnt[3]"
Warning: Found clock high time violation at 117.83 ns on register "|m_group|cnt[1]"
Warning: Found clock high time violation at 118.83 ns on register "|m_group|cnt[2]"
Warning: Found clock high time violation at 118.83 ns on register "|m_group|cnt[0]"
Warning: Found clock high time violation at 118.83 ns on register "|m_group|cnt[3]"
Warning: Found clock high time violation at 118.83 ns on register "|m_group|cnt[1]"
Warning: Found clock high time violation at 119.83 ns on register "|m_group|cnt[2]"
Warning: Found clock high time violation at 119.83 ns on register "|m_group|cnt[0]"
Warning: Found clock high time violation at 119.83 ns on register "|m_group|cnt[3]"
Warning: Found clock high time violation at 119.83 ns on register "|m_group|cnt[1]"
Warning: Found clock high time violation at 120.83 ns on register "|m_group|cnt[2]"
Warning: Found clock high time violation at 120.83 ns on register "|m_group|cnt[0]"
Warning: Found clock high time violation at 120.83 ns on register "|m_group|cnt[3]"
Warning: Found clock high time violation at 120.83 ns on register "|m_group|cnt[1]"
Warning: Found clock high time violation at 121.83 ns on register "|m_group|cnt[2]"
Warning: Found clock high time violation at 121.83 ns on register "|m_group|cnt[0]"
Warning: Found clock high time violation at 121.83 ns on register "|m_group|cnt[3]"
Warning: Found clock high time violation at 121.83 ns on register "|m_group|cnt[1]"
Warning: Found clock high time violation at 122.83 ns on register "|m_group|cnt[2]"
Warning: Found clock high time violation at 122.83 ns on register "|m_group|cnt[0]"
Warning: Found clock high time violation at 122.83 ns on register "|m_group|cnt[3]"
Warning: Found clock high time violation at 122.83 ns on register "|m_group|cnt[1]"
Warning: Found clock high time violation at 123.83 ns on register "|m_group|cnt[2]"
Warning: Found clock high time violation at 123.83 ns on register "|m_group|cnt[0]"
Warning: Found clock high time violation at 123.83 ns on register "|m_group|cnt[3]"
Warning: Found clock high time violation at 123.83 ns on register "|m_group|cnt[1]"
Warning: Found clock high time violation at 124.83 ns on register "|m_group|cnt[2]"
Warning: Found clock high time violation at 124.83 ns on register "|m_group|cnt[0]"
Warning: Found clock high time violation at 124.83 ns on register "|m_group|cnt[3]"
Warning: Found clock high time violation at 124.83 ns on register "|m_group|cnt[1]"
Warning: Found clock high time violation at 125.83 ns on register "|m_group|cnt[2]"
Warning: Found clock high time violation at 125.83 ns on register "|m_group|cnt[0]"
Warning: Found clock high time violation at 125.83 ns on register "|m_group|cnt[3]"
Warning: Found clock high time violation at 125.83 ns on register "|m_group|cnt[1]"
Warning: Found clock high time violation at 126.83 ns on register "|m_group|cnt[2]"
Warning: Found clock high time violation at 126.83 ns on register "|m_group|cnt[0]"
Warning: Found clock high time violation at 126.83 ns on register "|m_group|cnt[3]"
Warning: Found clock high time violation at 126.83 ns on register "|m_group|cnt[1]"
Warning: Found clock high time violation at 127.83 ns on register "|m_group|cnt[2]"
Warning: Found clock high time violation at 127.83 ns on register "|m_group|cnt[0]"
Warning: Found clock high time violation at 127.83 ns on register "|m_group|cnt[3]"
Warning: Found clock high time violation at 127.83 ns on register "|m_group|cnt[1]"
Warning: Found clock high time violation at 128.83 ns on register "|m_group|cnt[2]"
Warning: Found clock high time violation at 128.83 ns on register "|m_group|cnt[0]"
Warning: Found clock high time violation at 128.83 ns on register "|m_group|cnt[3]"
Warning: Found clock high time violation at 128.83 ns on register "|m_group|cnt[1]"
Warning: Found clock high time violation at 129.83 ns on register "|m_group|cnt[2]"
Warning: Found clock high time violation at 129.83 ns on register "|m_group|cnt[0]"
Warning: Found clock high time violation at 129.83 ns on register "|m_group|cnt[3]"
Warning: Found clock high time violation at 129.83 ns on register "|m_group|cnt[1]"
Warning: Found clock high time violation at 130.83 ns on register "|m_group|cnt[2]"
Warning: Found clock high time violation at 130.83 ns on register "|m_group|cnt[0]"
Warning: Found clock high time violation at 130.83 ns on register "|m_group|cnt[3]"
Warning: Found clock high time violation at 130.83 ns on register "|m_group|cnt[1]"
Warning: Found clock high time violation at 131.83 ns on register "|m_group|cnt[2]"
Warning: Found clock high time violation at 131.83 ns on register "|m_group|cnt[0]"
Warning: Found clock high time violation at 131.83 ns on register "|m_group|cnt[3]"
Warning: Found clock high time violation at 131.83 ns on register "|m_group|cnt[1]"
Warning: Found clock high time violation at 132.83 ns on register "|m_group|cnt[2]"
Warning: Found clock high time violation at 132.83 ns on register "|m_group|cnt[0]"
Warning: Found clock high time violation at 132.83 ns on register "|m_group|cnt[3]"
Warning: Found clock high time violation at 132.83 ns on register "|m_group|cnt[1]"
Warning: Found clock high time violation at 133.83 ns on register "|m_group|cnt[2]"
Warning: Found clock high time violation at 133.83 ns on register "|m_group|cnt[0]"
Warning: Found clock high time violation at 133.83 ns on register "|m_group|cnt[3]"
Warning: Found clock high time violation at 133.83 ns on register "|m_group|cnt[1]"
Warning: Found clock high time violation at 134.83 ns on register "|m_group|cnt[2]"
Warning: Found clock high time violation at 134.83 ns on register "|m_group|cnt[0]"
Warning: Found clock high time violation at 134.83 ns on register "|m_group|cnt[3]"
Warning: Found clock high time violation at 134.83 ns on register "|m_group|cnt[1]"
Warning: Found clock high time violation at 135.83 ns on register "|m_group|cnt[2]"
Warning: Found clock high time violation at 135.83 ns on register "|m_group|cnt[0]"
Warning: Found clock high time violation at 135.83 ns on register "|m_group|cnt[3]"
Warning: Found clock high time violation at 135.83 ns on register "|m_group|cnt[1]"
Warning: Found clock high time violation at 136.83 ns on register "|m_group|cnt[2]"
Warning: Found clock high time violation at 136.83 ns on register "|m_group|cnt[0]"
Warning: Found clock high time violation at 136.83 ns on register "|m_group|cnt[3]"
Warning: Found clock high time violation at 136.83 ns on register "|m_group|cnt[1]"
Warning: Found clock high time violation at 137.83 ns on register "|m_group|cnt[2]"
Warning: Found clock high time violation at 137.83 ns on register "|m_group|cnt[0]"
Warning: Found clock high time violation at 137.83 ns on register "|m_group|cnt[3]"
Warning: Found clock high time violation at 137.83 ns on register "|m_group|cnt[1]"
Warning: Found clock high time violation at 138.83 ns on register "|m_group|cnt[2]"
Warning: Found clock high time violation at 138.83 ns on register "|m_group|cnt[0]"
Warning: Found clock high time violation at 138.83 ns on register "|m_group|cnt[3]"
Warning: Found clock high time violation at 138.83 ns on register "|m_group|cnt[1]"
Warning: Found clock high time violation at 139.83 ns on register "|m_group|cnt[2]"
Warning: Found clock high time violation at 139.83 ns on register "|m_group|cnt[0]"
Warning: Found clock high time violation at 139.83 ns on register "|m_group|cnt[3]"
Warning: Found clock high time violation at 139.83 ns on register "|m_group|cnt[1]"
Warning: Found clock high time violation at 140.83 ns on register "|m_group|cnt[2]"
Warning: Found clock high time violation at 140.83 ns on register "|m_group|cnt[0]"
Warning: Found clock high time violation at 140.83 ns on register "|m_group|cnt[3]"
Warning: Found clock high time violation at 140.83 ns on register "|m_group|cnt[1]"
Warning: Found clock high time violation at 141.83 ns on register "|m_group|cnt[2]"
Warning: Found clock high time violation at 141.83 ns on register "|m_group|cnt[0]"
Warning: Found clock high time violation at 141.83 ns on register "|m_group|cnt[3]"
Warning: Found clock high time violation at 141.83 ns on register "|m_group|cnt[1]"
Warning: Found clock high time violation at 142.83 ns on register "|m_group|cnt[2]"
Warning: Found clock high time violation at 142.83 ns on register "|m_group|cnt[0]"
Warning: Found clock high time violation at 142.83 ns on register "|m_group|cnt[3]"
Warning: Found clock high time violation at 142.83 ns on register "|m_group|cnt[1]"
Warning: Found clock high time violation at 143.83 ns on register "|m_group|cnt[2]"
Warning: Found clock high time violation at 143.83 ns on register "|m_group|cnt[0]"
Warning: Found clock high time violation at 143.83 ns on register "|m_group|cnt[3]"
Warning: Found clock high time violation at 143.83 ns on register "|m_group|cnt[1]"
Warning: Found clock high time violation at 144.83 ns on register "|m_group|cnt[2]"
Warning: Found clock high time violation at 144.83 ns on register "|m_group|cnt[0]"
Warning: Found clock high time violation at 144.83 ns on register "|m_group|cnt[3]"
Warning: Found clock high time violation at 144.83 ns on register "|m_group|cnt[1]"
Warning: Found clock high time violation at 145.83 ns on register "|m_group|cnt[2]"
Warning: Found clock high time violation at 145.83 ns on register "|m_group|cnt[0]"
Warning: Found clock high time violation at 145.83 ns on register "|m_group|cnt[3]"
Warning: Found clock high time violation at 145.83 ns on register "|m_group|cnt[1]"
Warning: Found clock high time violation at 146.83 ns on register "|m_group|cnt[2]"
Warning: Found clock high time violation at 146.83 ns on register "|m_group|cnt[0]"
Warning: Found clock high time violation at 146.83 ns on register "|m_group|cnt[3]"
Warning: Found clock high time violation at 146.83 ns on register "|m_group|cnt[1]"
Warning: Found clock high time violation at 147.83 ns on register "|m_group|cnt[2]"
Warning: Found clock high time violation at 147.83 ns on register "|m_group|cnt[0]"
Warning: Found clock high time violation at 147.83 ns on register "|m_group|cnt[3]"
Warning: Found clock high time violation at 147.83 ns on register "|m_group|cnt[1]"
Warning: Found clock high time violation at 148.83 ns on register "|m_group|cnt[2]"
Warning: Found clock high time violation at 148.83 ns on register "|m_group|cnt[0]"
Warning: Found clock high time violation at 148.83 ns on register "|m_group|cnt[3]"
Warning: Found clock high time violation at 148.83 ns on register "|m_group|cnt[1]"
Warning: Found clock high time violation at 149.83 ns on register "|m_group|cnt[2]"
Warning: Found clock high time violation at 149.83 ns on register "|m_group|cnt[0]"
Warning: Found clock high time violation at 149.83 ns on register "|m_group|cnt[3]"
Warning: Found clock high time violation at 149.83 ns on register "|m_group|cnt[1]"
Warning: Found clock high time violation at 150.83 ns on register "|m_group|cnt[2]"
Warning: Found clock high time violation at 150.83 ns on register "|m_group|cnt[0]"
Warning: Found clock high time violation at 150.83 ns on register "|m_group|cnt[3]"
Warning: Found clock high time violation at 150.83 ns on register "|m_group|cnt[1]"
Warning: Found clock high time violation at 151.83 ns on register "|m_group|cnt[2]"
Warning: Found clock high time violation at 151.83 ns on register "|m_group|cnt[0]"
Warning: Found clock high time violation at 151.83 ns on register "|m_group|cnt[3]"
Warning: Found clock high time violation at 151.83 ns on register "|m_group|cnt[1]"
Warning: Found clock high time violation at 152.83 ns on register "|m_group|cnt[2]"
Warning: Found clock high time violation at 152.83 ns on register "|m_group|cnt[0]"
Warning: Found clock high time violation at 152.83 ns on register "|m_group|cnt[3]"
Warning: Found clock high time violation at 152.83 ns on register "|m_group|cnt[1]"
Warning: Found clock high time violation at 153.83 ns on register "|m_group|cnt[2]"
Warning: Found clock high time violation at 153.83 ns on register "|m_group|cnt[0]"
Warning: Found clock high time violation at 153.83 ns on register "|m_group|cnt[3]"
Warning: Found clock high time violation at 153.83 ns on register "|m_group|cnt[1]"
Warning: Found clock high time violation at 154.83 ns on register "|m_group|cnt[2]"
Warning: Found clock high time violation at 154.83 ns on register "|m_group|cnt[0]"
Warning: Found clock high time violation at 154.83 ns on register "|m_group|cnt[3]"
Warning: Found clock high time violation at 154.83 ns on register "|m_group|cnt[1]"
Warning: Found clock high time violation at 155.83 ns on register "|m_group|cnt[2]"
Warning: Found clock high time violation at 155.83 ns on register "|m_group|cnt[0]"
Warning: Found clock high time violation at 155.83 ns on register "|m_group|cnt[3]"
Warning: Found clock high time violation at 155.83 ns on register "|m_group|cnt[1]"
Warning: Found clock high time violation at 156.83 ns on register "|m_group|cnt[2]"
Warning: Found clock high time violation at 156.83 ns on register "|m_group|cnt[0]"
Warning: Found clock high time violation at 156.83 ns on register "|m_group|cnt[3]"
Warning: Found clock high time violation at 156.83 ns on register "|m_group|cnt[1]"
Warning: Found clock high time violation at 157.83 ns on register "|m_group|cnt[2]"
Warning: Found clock high time violation at 157.83 ns on register "|m_group|cnt[0]"
Warning: Found clock high time violation at 157.83 ns on register "|m_group|cnt[3]"
Warning: Found clock high time violation at 157.83 ns on register "|m_group|cnt[1]"
Warning: Found clock high time violation at 158.83 ns on register "|m_group|cnt[2]"
Warning: Found clock high time violation at 158.83 ns on register "|m_group|cnt[0]"
Warning: Found clock high time violation at 158.83 ns on register "|m_group|cnt[3]"
Warning: Found clock high time violation at 158.83 ns on register "|m_group|cnt[1]"
Warning: Found clock high time violation at 159.83 ns on register "|m_group|cnt[2]"
Warning: Found clock high time violation at 159.83 ns on register "|m_group|cnt[0]"
Warning: Found clock high time violation at 159.83 ns on register "|m_group|cnt[3]"
Warning: Found clock high time violation at 159.83 ns on register "|m_group|cnt[1]"
Warning: Found clock high time violation at 160.83 ns on register "|m_group|cnt[2]"
Warning: Found clock high time violation at 160.83 ns on register "|m_group|cnt[0]"
Warning: Found clock high time violation at 160.83 ns on register "|m_group|cnt[3]"
Warning: Found clock high time violation at 160.83 ns on register "|m_group|cnt[1]"
Warning: Found clock high time violation at 161.83 ns on register "|m_group|cnt[2]"
Warning: Found clock high time violation at 161.83 ns on register "|m_group|cnt[0]"
Warning: Found clock high time violation at 161.83 ns on register "|m_group|cnt[3]"
Warning: Found clock high time violation at 161.83 ns on register "|m_group|cnt[1]"
Warning: Found clock high time violation at 162.83 ns on register "|m_group|cnt[2]"
Warning: Found clock high time violation at 162.83 ns on register "|m_group|cnt[0]"
Warning: Found clock high time violation at 162.83 ns on register "|m_group|cnt[3]"
Warning: Found clock high time violation at 162.83 ns on register "|m_group|cnt[1]"
Warning: Found clock high time violation at 163.83 ns on register "|m_group|cnt[2]"
Warning: Found clock high time violation at 163.83 ns on register "|m_group|cnt[0]"
Warning: Found clock high time violation at 163.83 ns on register "|m_group|cnt[3]"
Warning: Found clock high time violation at 163.83 ns on register "|m_group|cnt[1]"
Warning: Found clock high time violation at 164.83 ns on register "|m_group|cnt[2]"
Warning: Found clock high time violation at 164.83 ns on register "|m_group|cnt[0]"
Warning: Found clock high time violation at 164.83 ns on register "|m_group|cnt[3]"
Warning: Found clock high time violation at 164.83 ns on register "|m_group|cnt[1]"
Warning: Found clock high time violation at 165.83 ns on register "|m_group|cnt[2]"
Warning: Found clock high time violation at 165.83 ns on register "|m_group|cnt[0]"
Warning: Found clock high time violation at 165.83 ns on register "|m_group|cnt[3]"
Warning: Found clock high time violation at 165.83 ns on register "|m_group|cnt[1]"
Warning: Found clock high time violation at 166.83 ns on register "|m_group|cnt[2]"
Warning: Found clock high time violation at 166.83 ns on register "|m_group|cnt[0]"
Warning: Found clock high time violation at 166.83 ns on register "|m_group|cnt[3]"
Warning: Found clock high time violation at 166.83 ns on register "|m_group|cnt[1]"
Warning: Found clock high time violation at 167.83 ns on register "|m_group|cnt[2]"
Warning: Found clock high time violation at 167.83 ns on register "|m_group|cnt[0]"
Warning: Found clock high time violation at 167.83 ns on register "|m_group|cnt[3]"
Warning: Found clock high time violation at 167.83 ns on register "|m_group|cnt[1]"
Warning: Found clock high time violation at 168.83 ns on register "|m_group|cnt[2]"
Warning: Found clock high time violation at 168.83 ns on register "|m_group|cnt[0]"
Warning: Found clock high time violation at 168.83 ns on register "|m_group|cnt[3]"
Warning: Found clock high time violation at 168.83 ns on register "|m_group|cnt[1]"
Warning: Found clock high time violation at 169.83 ns on register "|m_group|cnt[2]"
Warning: Found clock high time violation at 169.83 ns on register "|m_group|cnt[0]"
Warning: Found clock high time violation at 169.83 ns on register "|m_group|cnt[3]"
Warning: Found clock high time violation at 169.83 ns on register "|m_group|cnt[1]"
Warning: Found clock high time violation at 170.83 ns on register "|m_group|cnt[2]"
Warning: Found clock high time violation at 170.83 ns on register "|m_group|cnt[0]"
Warning: Found clock high time violation at 170.83 ns on register "|m_group|cnt[3]"
Warning: Found clock high time violation at 170.83 ns on register "|m_group|cnt[1]"
Warning: Found clock high time violation at 171.83 ns on register "|m_group|cnt[2]"
Warning: Found clock high time violation at 171.83 ns on register "|m_group|cnt[0]"
Warning: Found clock high time violation at 171.83 ns on register "|m_group|cnt[3]"
Warning: Found clock high time violation at 171.83 ns on register "|m_group|cnt[1]"
Warning: Found clock high time violation at 172.83 ns on register "|m_group|cnt[2]"
Warning: Found clock high time violation at 172.83 ns on register "|m_group|cnt[0]"
Warning: Found clock high time violation at 172.83 ns on register "|m_group|cnt[3]"
Warning: Found clock high time violation at 172.83 ns on register "|m_group|cnt[1]"
Warning: Found clock high time violation at 173.83 ns on register "|m_group|cnt[2]"
Warning: Found clock high time violation at 173.83 ns on register "|m_group|cnt[0]"
Warning: Found clock high time violation at 173.83 ns on register "|m_group|cnt[3]"
Warning: Found clock high time violation at 173.83 ns on register "|m_group|cnt[1]"
Warning: Found clock high time violation at 174.83 ns on register "|m_group|cnt[2]"
Warning: Found clock high time violation at 174.83 ns on register "|m_group|cnt[0]"
Warning: Found clock high time violation at 174.83 ns on register "|m_group|cnt[3]"
Warning: Found clock high time violation at 174.83 ns on register "|m_group|cnt[1]"
Warning: Found clock high time violation at 175.83 ns on register "|m_group|cnt[2]"
Warning: Found clock high time violation at 175.83 ns on register "|m_group|cnt[0]"
Warning: Found clock high time violation at 175.83 ns on register "|m_group|cnt[3]"
Warning: Found clock high time violation at 175.83 ns on register "|m_group|cnt[1]"
Warning: Found clock high time violation at 176.83 ns on register "|m_group|cnt[2]"
Warning: Found clock high time violation at 176.83 ns on register "|m_group|cnt[0]"
Warning: Found clock high time violation at 176.83 ns on register "|m_group|cnt[3]"
Warning: Found clock high time violation at 176.83 ns on register "|m_group|cnt[1]"
Warning: Found clock high time violation at 177.83 ns on register "|m_group|cnt[2]"
Warning: Found clock high time violation at 177.83 ns on register "|m_group|cnt[0]"
Warning: Found clock high time violation at 177.83 ns on register "|m_group|cnt[3]"
Warning: Found clock high time violation at 177.83 ns on register "|m_group|cnt[1]"
Warning: Found clock high time violation at 178.83 ns on register "|m_group|cnt[2]"
Warning: Found clock high time violation at 178.83 ns on register "|m_group|cnt[0]"
Warning: Found clock high time violation at 178.83 ns on register "|m_group|cnt[3]"
Warning: Found clock high time violation at 178.83 ns on register "|m_group|cnt[1]"
Warning: Found clock high time violation at 179.83 ns on register "|m_group|cnt[2]"
Warning: Found clock high time violation at 179.83 ns on register "|m_group|cnt[0]"
Warning: Found clock high time violation at 179.83 ns on register "|m_group|cnt[3]"
Warning: Found clock high time violation at 179.83 ns on register "|m_group|cnt[1]"
Warning: Found clock high time violation at 180.83 ns on register "|m_group|cnt[2]"
Warning: Found clock high time violation at 180.83 ns on register "|m_group|cnt[0]"
Warning: Found clock high time violation at 180.83 ns on register "|m_group|cnt[3]"
Warning: Found clock high time violation at 180.83 ns on register "|m_group|cnt[1]"
Warning: Found clock high time violation at 181.83 ns on register "|m_group|cnt[2]"
Warning: Found clock high time violation at 181.83 ns on register "|m_group|cnt[0]"
Warning: Found clock high time violation at 181.83 ns on register "|m_group|cnt[3]"
Warning: Found clock high time violation at 181.83 ns on register "|m_group|cnt[1]"
Warning: Found clock high time violation at 182.83 ns on register "|m_group|cnt[2]"
Warning: Found clock high time violation at 182.83 ns on register "|m_group|cnt[0]"
Warning: Found clock high time violation at 182.83 ns on register "|m_group|cnt[3]"
Warning: Found clock high time violation at 182.83 ns on register "|m_group|cnt[1]"
Warning: Found clock high time violation at 183.83 ns on register "|m_group|cnt[2]"
Warning: Found clock high time violation at 183.83 ns on register "|m_group|cnt[0]"
Warning: Found clock high time violation at 183.83 ns on register "|m_group|cnt[3]"
Warning: Found clock high time violation at 183.83 ns on register "|m_group|cnt[1]"
Warning: Found clock high time violation at 184.83 ns on register "|m_group|cnt[2]"
Warning: Found clock high time violation at 184.83 ns on register "|m_group|cnt[0]"
Warning: Found clock high time violation at 184.83 ns on register "|m_group|cnt[3]"
Warning: Found clock high time violation at 184.83 ns on register "|m_group|cnt[1]"
Warning: Found clock high time violation at 185.83 ns on register "|m_group|cnt[2]"
Warning: Found clock high time violation at 185.83 ns on register "|m_group|cnt[0]"
Warning: Found clock high time violation at 185.83 ns on register "|m_group|cnt[3]"
Warning: Found clock high time violation at 185.83 ns on register "|m_group|cnt[1]"
Warning: Found clock high time violation at 186.83 ns on register "|m_group|cnt[2]"
Warning: Found clock high time violation at 186.83 ns on register "|m_group|cnt[0]"
Warning: Found clock high time violation at 186.83 ns on register "|m_group|cnt[3]"
Warning: Found clock high time violation at 186.83 ns on register "|m_group|cnt[1]"
Warning: Found clock high time violation at 187.83 ns on register "|m_group|cnt[2]"
Warning: Found clock high time violation at 187.83 ns on register "|m_group|cnt[0]"
Warning: Found clock high time violation at 187.83 ns on register "|m_group|cnt[3]"
Warning: Found clock high time violation at 187.83 ns on register "|m_group|cnt[1]"
Warning: Found clock high time violation at 188.83 ns on register "|m_group|cnt[2]"
Warning: Found clock high time violation at 188.83 ns on register "|m_group|cnt[0]"
Warning: Found clock high time violation at 188.83 ns on register "|m_group|cnt[3]"
Warning: Found clock high time violation at 188.83 ns on register "|m_group|cnt[1]"
Warning: Found clock high time violation at 189.83 ns on register "|m_group|cnt[2]"
Warning: Found clock high time violation at 189.83 ns on register "|m_group|cnt[0]"
Warning: Found clock high time violation at 189.83 ns on register "|m_group|cnt[3]"
Warning: Found clock high time violation at 189.83 ns on register "|m_group|cnt[1]"
Warning: Found clock high time violation at 190.83 ns on register "|m_group|cnt[2]"
Warning: Found clock high time violation at 190.83 ns on register "|m_group|cnt[0]"
Warning: Found clock high time violation at 190.83 ns on register "|m_group|cnt[3]"
Warning: Found clock high time violation at 190.83 ns on register "|m_group|cnt[1]"
Warning: Found clock high time violation at 191.83 ns on register "|m_group|cnt[2]"
Warning: Found clock high time violation at 191.83 ns on register "|m_group|cnt[0]"
Warning: Found clock high time violation at 191.83 ns on register "|m_group|cnt[3]"
Warning: Found clock high time violation at 191.83 ns on register "|m_group|cnt[1]"
Warning: Found clock high time violation at 192.83 ns on register "|m_group|cnt[2]"
Warning: Found clock high time violation at 192.83 ns on register "|m_group|cnt[0]"
Warning: Found clock high time violation at 192.83 ns on register "|m_group|cnt[3]"
Warning: Found clock high time violation at 192.83 ns on register "|m_group|cnt[1]"
Warning: Found clock high time violation at 193.83 ns on register "|m_group|cnt[2]"
Warning: Found clock high time violation at 193.83 ns on register "|m_group|cnt[0]"
Warning: Found clock high time violation at 193.83 ns on register "|m_group|cnt[3]"
Warning: Found clock high time violation at 193.83 ns on register "|m_group|cnt[1]"
Warning: Found clock high time violation at 194.83 ns on register "|m_group|cnt[2]"
Warning: Found clock high time violation at 194.83 ns on register "|m_group|cnt[0]"
Warning: Found clock high time violation at 194.83 ns on register "|m_group|cnt[3]"
Warning: Found clock high time violation at 194.83 ns on register "|m_group|cnt[1]"
Warning: Found clock high time violation at 195.83 ns on register "|m_group|cnt[2]"
Warning: Found clock high time violation at 195.83 ns on register "|m_group|cnt[0]"
Warning: Found clock high time violation at 195.83 ns on register "|m_group|cnt[3]"
Warning: Found clock high time violation at 195.83 ns on register "|m_group|cnt[1]"
Warning: Found clock high time violation at 196.83 ns on register "|m_group|cnt[2]"
Warning: Found clock high time violation at 196.83 ns on register "|m_group|cnt[0]"
Warning: Found clock high time violation at 196.83 ns on register "|m_group|cnt[3]"
Warning: Found clock high time violation at 196.83 ns on register "|m_group|cnt[1]"
Warning: Found clock high time violation at 197.83 ns on register "|m_group|cnt[2]"
Warning: Found clock high time violation at 197.83 ns on register "|m_group|cnt[0]"
Warning: Found clock high time violation at 197.83 ns on register "|m_group|cnt[3]"
Warning: Found clock high time violation at 197.83 ns on register "|m_group|cnt[1]"
Warning: Found clock high time violation at 198.83 ns on register "|m_group|cnt[2]"
Warning: Found clock high time violation at 198.83 ns on register "|m_group|cnt[0]"
Warning: Found clock high time violation at 198.83 ns on register "|m_group|cnt[3]"
Warning: Found clock high time violation at 198.83 ns on register "|m_group|cnt[1]"
Warning: Found clock high time violation at 199.83 ns on register "|m_group|cnt[2]"
Warning: Found clock high time violation at 199.83 ns on register "|m_group|cnt[0]"
Warning: Found clock high time violation at 199.83 ns on register "|m_group|cnt[3]"
Warning: Found clock high time violation at 199.83 ns on register "|m_group|cnt[1]"
Warning: Found clock high time violation at 200.83 ns on register "|m_group|cnt[2]"
Warning: Found clock high time violation at 200.83 ns on register "|m_group|cnt[0]"
Warning: Found clock high time violation at 200.83 ns on register "|m_group|cnt[3]"
Warning: Found clock high time violation at 200.83 ns on register "|m_group|cnt[1]"
Warning: Found clock high time violation at 201.83 ns on register "|m_group|cnt[2]"
Warning: Found clock high time violation at 201.83 ns on register "|m_group|cnt[0]"
Warning: Found clock high time violation at 201.83 ns on register "|m_group|cnt[3]"
Warning: Found clock high time violation at 201.83 ns on register "|m_group|cnt[1]"
Warning: Found clock high time violation at 202.83 ns on register "|m_group|cnt[2]"
Warning: Found clock high time violation at 202.83 ns on register "|m_group|cnt[0]"
Warning: Found clock high time violation at 202.83 ns on register "|m_group|cnt[3]"
Warning: Found clock high time violation at 202.83 ns on register "|m_group|cnt[1]"
Warning: Found clock high time violation at 203.83 ns on register "|m_group|cnt[2]"
Warning: Found clock high time violation at 203.83 ns on register "|m_group|cnt[0]"
Warning: Found clock high time violation at 203.83 ns on register "|m_group|cnt[3]"
Warning: Found clock high time violation at 203.83 ns on register "|m_group|cnt[1]"
Warning: Found clock high time violation at 204.83 ns on register "|m_group|cnt[2]"
Warning: Found clock high time violation at 204.83 ns on register "|m_group|cnt[0]"
Warning: Found clock high time violation at 204.83 ns on register "|m_group|cnt[3]"
Warning: Found clock high time violation at 204.83 ns on register "|m_group|cnt[1]"
Warning: Found clock high time violation at 205.83 ns on register "|m_group|cnt[2]"
Warning: Found clock high time violation at 205.83 ns on register "|m_group|cnt[0]"
Warning: Found clock high time violation at 205.83 ns on register "|m_group|cnt[3]"
Warning: Found clock high time violation at 205.83 ns on register "|m_group|cnt[1]"
Warning: Found clock high time violation at 206.83 ns on register "|m_group|cnt[2]"
Warning: Found clock high time violation at 206.83 ns on register "|m_group|cnt[0]"
Warning: Found clock high time violation at 206.83 ns on register "|m_group|cnt[3]"
Warning: Found clock high time violation at 206.83 ns on register "|m_group|cnt[1]"
Warning: Found clock high time violation at 207.83 ns on register "|m_group|cnt[2]"
Warning: Found clock high time violation at 207.83 ns on register "|m_group|cnt[0]"
Warning: Found clock high time violation at 207.83 ns on register "|m_group|cnt[3]"
Warning: Found clock high time violation at 207.83 ns on register "|m_group|cnt[1]"
Warning: Found clock high time violation at 208.83 ns on register "|m_group|cnt[2]"
Warning: Found clock high time violation at 208.83 ns on register "|m_group|cnt[0]"
Warning: Found clock high time violation at 208.83 ns on register "|m_group|cnt[3]"
Warning: Found clock high time violation at 208.83 ns on register "|m_group|cnt[1]"
Warning: Found clock high time violation at 209.83 ns on register "|m_group|cnt[2]"
Warning: Found clock high time violation at 209.83 ns on register "|m_group|cnt[0]"
Warning: Found clock high time violation at 209.83 ns on register "|m_group|cnt[3]"
Warning: Found clock high time violation at 209.83 ns on register "|m_group|cnt[1]"
Warning: Found clock high time violation at 210.83 ns on register "|m_group|cnt[2]"
Warning: Found clock high time violation at 210.83 ns on register "|m_group|cnt[0]"
Warning: Found clock high time violation at 210.83 ns on register "|m_group|cnt[3]"
Warning: Found clock high time violation at 210.83 ns on register "|m_group|cnt[1]"
Warning: Found clock high time violation at 211.83 ns on register "|m_group|cnt[2]"
Warning: Found clock high time violation at 211.83 ns on register "|m_group|cnt[0]"
Warning: Found clock high time violation at 211.83 ns on register "|m_group|cnt[3]"
Warning: Found clock high time violation at 211.83 ns on register "|m_group|cnt[1]"
Warning: Found clock high time violation at 212.83 ns on register "|m_group|cnt[2]"
Warning: Found clock high time violation at 212.83 ns on register "|m_group|cnt[0]"
Warning: Found clock high time violation at 212.83 ns on register "|m_group|cnt[3]"
Warning: Found clock high time violation at 212.83 ns on register "|m_group|cnt[1]"
Warning: Found clock high time violation at 213.83 ns on register "|m_group|cnt[2]"
Warning: Found clock high time violation at 213.83 ns on register "|m_group|cnt[0]"
Warning: Found clock high time violation at 213.83 ns on register "|m_group|cnt[3]"
Warning: Found clock high time violation at 213.83 ns on register "|m_group|cnt[1]"
Warning: Found clock high time violation at 214.83 ns on register "|m_group|cnt[2]"
Warning: Found clock high time violation at 214.83 ns on register "|m_group|cnt[0]"
Warning: Found clock high time violation at 214.83 ns on register "|m_group|cnt[3]"
Warning: Found clock high time violation at 214.83 ns on register "|m_group|cnt[1]"
Warning: Found clock high time violation at 215.83 ns on register "|m_group|cnt[2]"
Warning: Found clock high time violation at 215.83 ns on register "|m_group|cnt[0]"
Warning: Found clock high time violation at 215.83 ns on register "|m_group|cnt[3]"
Warning: Found clock high time violation at 215.83 ns on register "|m_group|cnt[1]"
Warning: Found clock high time violation at 216.83 ns on register "|m_group|cnt[2]"
Warning: Found clock high time violation at 216.83 ns on register "|m_group|cnt[0]"
Warning: Found clock high time violation at 216.83 ns on register "|m_group|cnt[3]"
Warning: Found clock high time violation at 216.83 ns on register "|m_group|cnt[1]"
Warning: Found clock high time violation at 217.83 ns on register "|m_group|cnt[2]"
Warning: Found clock high time violation at 217.83 ns on register "|m_group|cnt[0]"
Warning: Found clock high time violation at 217.83 ns on register "|m_group|cnt[3]"
Warning: Found clock high time violation at 217.83 ns on register "|m_group|cnt[1]"
Warning: Found clock high time violation at 218.83 ns on register "|m_group|cnt[2]"
Warning: Found clock high time violation at 218.83 ns on register "|m_group|cnt[0]"
Warning: Found clock high time violation at 218.83 ns on register "|m_group|cnt[3]"
Warning: Found clock high time violation at 218.83 ns on register "|m_group|cnt[1]"
Warning: Found clock high time violation at 219.83 ns on register "|m_group|cnt[2]"
Warning: Found clock high time violation at 219.83 ns on register "|m_group|cnt[0]"
Warning: Found clock high time violation at 219.83 ns on register "|m_group|cnt[3]"
Warning: Found clock high time violation at 219.83 ns on register "|m_group|cnt[1]"
Warning: Found clock high time violation at 220.83 ns on register "|m_group|cnt[2]"
Warning: Found clock high time violation at 220.83 ns on register "|m_group|cnt[0]"
Warning: Found clock high time violation at 220.83 ns on register "|m_group|cnt[3]"
Warning: Found clock high time violation at 220.83 ns on register "|m_group|cnt[1]"
Warning: Found clock high time violation at 221.83 ns on register "|m_group|cnt[2]"
Warning: Found clock high time violation at 221.83 ns on register "|m_group|cnt[0]"
Warning: Found clock high time violation at 221.83 ns on register "|m_group|cnt[3]"
Warning: Found clock high time violation at 221.83 ns on register "|m_group|cnt[1]"
Warning: Found clock high time violation at 222.83 ns on register "|m_group|cnt[2]"
Warning: Found clock high time violation at 222.83 ns on register "|m_group|cnt[0]"
Warning: Found clock high time violation at 222.83 ns on register "|m_group|cnt[3]"
Warning: Found clock high time violation at 222.83 ns on register "|m_group|cnt[1]"
Warning: Found clock high time violation at 223.83 ns on register "|m_group|cnt[2]"
Warning: Found clock high time violation at 223.83 ns on register "|m_group|cnt[0]"
Warning: Found clock high time violation at 223.83 ns on register "|m_group|cnt[3]"
Warning: Found clock high time violation at 223.83 ns on register "|m_group|cnt[1]"
Warning: Found clock high time violation at 224.83 ns on register "|m_group|cnt[2]"
Warning: Found clock high time violation at 224.83 ns on register "|m_group|cnt[0]"
Warning: Found clock high time violation at 224.83 ns on register "|m_group|cnt[3]"
Warning: Found clock high time violation at 224.83 ns on register "|m_group|cnt[1]"
Warning: Found clock high time violation at 225.83 ns on register "|m_group|cnt[2]"
Warning: Found clock high time violation at 225.83 ns on register "|m_group|cnt[0]"
Warning: Found clock high time violation at 225.83 ns on register "|m_group|cnt[3]"
Warning: Found clock high time violation at 225.83 ns on register "|m_group|cnt[1]"
Warning: Found clock high time violation at 226.83 ns on register "|m_group|cnt[2]"
Warning: Found clock high time violation at 226.83 ns on register "|m_group|cnt[0]"
Warning: Found clock high time violation at 226.83 ns on register "|m_group|cnt[3]"
Warning: Found clock high time violation at 226.83 ns on register "|m_group|cnt[1]"
Warning: Found clock high time violation at 227.83 ns on register "|m_group|cnt[2]"
Warning: Found clock high time violation at 227.83 ns on register "|m_group|cnt[0]"
Warning: Found clock high time violation at 227.83 ns on register "|m_group|cnt[3]"
Warning: Found clock high time violation at 227.83 ns on register "|m_group|cnt[1]"
Warning: Found clock high time violation at 228.83 ns on register "|m_group|cnt[2]"
Warning: Found clock high time violation at 228.83 ns on register "|m_group|cnt[0]"
Warning: Found clock high time violation at 228.83 ns on register "|m_group|cnt[3]"
Warning: Found clock high time violation at 228.83 ns on register "|m_group|cnt[1]"
Warning: Found clock high time violation at 229.83 ns on register "|m_group|cnt[2]"
Warning: Found clock high time violation at 229.83 ns on register "|m_group|cnt[0]"
Warning: Found clock high time violation at 229.83 ns on register "|m_group|cnt[3]"
Warning: Found clock high time violation at 229.83 ns on register "|m_group|cnt[1]"
Warning: Found clock high time violation at 230.83 ns on register "|m_group|cnt[2]"
Warning: Found clock high time violation at 230.83 ns on register "|m_group|cnt[0]"
Warning: Found clock high time violation at 230.83 ns on register "|m_group|cnt[3]"
Warning: Found clock high time violation at 230.83 ns on register "|m_group|cnt[1]"
Warning: Found clock high time violation at 231.83 ns on register "|m_group|cnt[2]"
Warning: Found clock high time violation at 231.83 ns on register "|m_group|cnt[0]"
Warning: Found clock high time violation at 231.83 ns on register "|m_group|cnt[3]"
Warning: Found clock high time violation at 231.83 ns on register "|m_group|cnt[1]"
Warning: Found clock high time violation at 232.83 ns on register "|m_group|cnt[2]"
Warning: Found clock high time violation at 232.83 ns on register "|m_group|cnt[0]"
Warning: Found clock high time violation at 232.83 ns on register "|m_group|cnt[3]"
Warning: Found clock high time violation at 232.83 ns on register "|m_group|cnt[1]"
Warning: Found clock high time violation at 233.83 ns on register "|m_group|cnt[2]"
Warning: Found clock high time violation at 233.83 ns on register "|m_group|cnt[0]"
Warning: Found clock high time violation at 233.83 ns on register "|m_group|cnt[3]"
Warning: Found clock high time violation at 233.83 ns on register "|m_group|cnt[1]"
Warning: Found clock high time violation at 234.83 ns on register "|m_group|cnt[2]"
Warning: Found clock high time violation at 234.83 ns on register "|m_group|cnt[0]"
Warning: Found clock high time violation at 234.83 ns on register "|m_group|cnt[3]"
Warning: Found clock high time violation at 234.83 ns on register "|m_group|cnt[1]"
Warning: Found clock high time violation at 235.83 ns on register "|m_group|cnt[2]"
Warning: Found clock high time violation at 235.83 ns on register "|m_group|cnt[0]"
Warning: Found clock high time violation at 235.83 ns on register "|m_group|cnt[3]"
Warning: Found clock high time violation at 235.83 ns on register "|m_group|cnt[1]"
Warning: Found clock high time violation at 236.83 ns on register "|m_group|cnt[2]"
Warning: Found clock high time violation at 236.83 ns on register "|m_group|cnt[0]"
Warning: Found clock high time violation at 236.83 ns on register "|m_group|cnt[3]"
Warning: Found clock high time violation at 236.83 ns on register "|m_group|cnt[1]"
Warning: Found clock high time violation at 237.83 ns on register "|m_group|cnt[2]"
Warning: Found clock high time violation at 237.83 ns on register "|m_group|cnt[0]"
Warning: Found clock high time violation at 237.83 ns on register "|m_group|cnt[3]"
Warning: Found clock high time violation at 237.83 ns on register "|m_group|cnt[1]"
Warning: Found clock high time violation at 238.83 ns on register "|m_group|cnt[2]"
Warning: Found clock high time violation at 238.83 ns on register "|m_group|cnt[0]"
Warning: Found clock high time violation at 238.83 ns on register "|m_group|cnt[3]"
Warning: Found clock high time violation at 238.83 ns on register "|m_group|cnt[1]"
Warning: Found clock high time violation at 239.83 ns on register "|m_group|cnt[2]"
Warning: Found clock high time violation at 239.83 ns on register "|m_group|cnt[0]"
Warning: Found clock high time violation at 239.83 ns on register "|m_group|cnt[3]"
Warning: Found clock high time violation at 239.83 ns on register "|m_group|cnt[1]"
Warning: Found clock high time violation at 240.83 ns on register "|m_group|cnt[2]"
Warning: Found clock high time violation at 240.83 ns on register "|m_group|cnt[0]"
Warning: Found clock high time violation at 240.83 ns on register "|m_group|cnt[3]"
Warning: Found clock high time violation at 240.83 ns on register "|m_group|cnt[1]"
Warning: Found clock high time violation at 241.83 ns on register "|m_group|cnt[2]"
Warning: Found clock high time violation at 241.83 ns on register "|m_group|cnt[0]"
Warning: Found clock high time violation at 241.83 ns on register "|m_group|cnt[3]"
Warning: Found clock high time violation at 241.83 ns on register "|m_group|cnt[1]"
Warning: Found clock high time violation at 242.83 ns on register "|m_group|cnt[2]"
Warning: Found clock high time violation at 242.83 ns on register "|m_group|cnt[0]"
Warning: Found clock high time violation at 242.83 ns on register "|m_group|cnt[3]"
Warning: Found clock high time violation at 242.83 ns on register "|m_group|cnt[1]"
Warning: Found clock high time violation at 243.83 ns on register "|m_group|cnt[2]"
Warning: Found clock high time violation at 243.83 ns on register "|m_group|cnt[0]"
Warning: Found clock high time violation at 243.83 ns on register "|m_group|cnt[3]"
Warning: Found clock high time violation at 243.83 ns on register "|m_group|cnt[1]"
Warning: Found clock high time violation at 244.83 ns on register "|m_group|cnt[2]"
Warning: Found clock high time violation at 244.83 ns on register "|m_group|cnt[0]"
Warning: Found clock high time violation at 244.83 ns on register "|m_group|cnt[3]"
Warning: Found clock high time violation at 244.83 ns on register "|m_group|cnt[1]"
Warning: Found clock high time violation at 245.83 ns on register "|m_group|cnt[2]"
Warning: Found clock high time violation at 245.83 ns on register "|m_group|cnt[0]"
Warning: Found clock high time violation at 245.83 ns on register "|m_group|cnt[3]"
Warning: Found clock high time violation at 245.83 ns on register "|m_group|cnt[1]"
Warning: Found clock high time violation at 246.83 ns on register "|m_group|cnt[2]"
Warning: Found clock high time violation at 246.83 ns on register "|m_group|cnt[0]"
Warning: Found clock high time violation at 246.83 ns on register "|m_group|cnt[3]"
Warning: Found clock high time violation at 246.83 ns on register "|m_group|cnt[1]"
Warning: Found clock high time violation at 247.83 ns on register "|m_group|cnt[2]"
Warning: Found clock high time violation at 247.83 ns on register "|m_group|cnt[0]"
Warning: Found clock high time violation at 247.83 ns on register "|m_group|cnt[3]"
Warning: Found clock high time violation at 247.83 ns on register "|m_group|cnt[1]"
Warning: Found clock high time violation at 248.83 ns on register "|m_group|cnt[2]"
Warning: Found clock high time violation at 248.83 ns on register "|m_group|cnt[0]"
Warning: Found clock high time violation at 248.83 ns on register "|m_group|cnt[3]"
Warning: Found clock high time violation at 248.83 ns on register "|m_group|cnt[1]"
Warning: Found clock high time violation at 249.83 ns on register "|m_group|cnt[2]"
Warning: Found clock high time violation at 249.83 ns on register "|m_group|cnt[0]"
Warning: Found clock high time violation at 249.83 ns on register "|m_group|cnt[3]"
Warning: Found clock high time violation at 249.83 ns on register "|m_group|cnt[1]"
Warning: Found clock high time violation at 250.83 ns on register "|m_group|cnt[2]"
Warning: Found clock high time violation at 250.83 ns on register "|m_group|cnt[0]"
Warning: Found clock high time violation at 250.83 ns on register "|m_group|cnt[3]"
Warning: Found clock high time violation at 250.83 ns on register "|m_group|cnt[1]"
Warning: Found clock high time violation at 251.83 ns on register "|m_group|cnt[2]"
Warning: Found clock high time violation at 251.83 ns on register "|m_group|cnt[0]"
Warning: Found clock high time violation at 251.83 ns on register "|m_group|cnt[3]"
Warning: Found clock high time violation at 251.83 ns on register "|m_group|cnt[1]"
Warning: Found clock high time violation at 252.83 ns on register "|m_group|cnt[2]"
Warning: Found clock high time violation at 252.83 ns on register "|m_group|cnt[0]"
Warning: Found clock high time violation at 252.83 ns on register "|m_group|cnt[3]"
Warning: Found clock high time violation at 252.83 ns on register "|m_group|cnt[1]"
Warning: Found clock high time violation at 253.83 ns on register "|m_group|cnt[2]"
Warning: Found clock high time violation at 253.83 ns on register "|m_group|cnt[0]"
Warning: Found clock high time violation at 253.83 ns on register "|m_group|cnt[3]"
Warning: Found clock high time violation at 253.83 ns on register "|m_group|cnt[1]"
Warning: Found clock high time violation at 254.83 ns on register "|m_group|cnt[2]"
Warning: Found clock high time violation at 254.83 ns on register "|m_group|cnt[0]"
Warning: Found clock high time violation at 254.83 ns on register "|m_group|cnt[3]"
Warning: Found clock high time violation at 254.83 ns on register "|m_group|cnt[1]"
Warning: Found clock high time violation at 255.83 ns on register "|m_group|cnt[2]"
Warning: Found clock high time violation at 255.83 ns on register "|m_group|cnt[0]"
Warning: Found clock high time violation at 255.83 ns on register "|m_group|cnt[3]"
Warning: Found clock high time violation at 255.83 ns on register "|m_group|cnt[1]"
Warning: Found clock high time violation at 256.83 ns on register "|m_group|cnt[2]"
Warning: Found clock high time violation at 256.83 ns on register "|m_group|cnt[0]"
Warning: Found clock high time violation at 256.83 ns on register "|m_group|cnt[3]"
Warning: Found clock high time violation at 256.83 ns on register "|m_group|cnt[1]"
Warning: Found clock high time violation at 257.83 ns on register "|m_group|cnt[2]"
Warning: Found clock high time violation at 257.83 ns on register "|m_group|cnt[0]"
Warning: Found clock high time violation at 257.83 ns on register "|m_group|cnt[3]"
Warning: Found clock high time violation at 257.83 ns on register "|m_group|cnt[1]"
Warning: Found clock high time violation at 258.83 ns on register "|m_group|cnt[2]"
Warning: Found clock high time violation at 258.83 ns on register "|m_group|cnt[0]"
Warning: Found clock high time violation at 258.83 ns on register "|m_group|cnt[3]"
Warning: Found clock high time violation at 258.83 ns on register "|m_group|cnt[1]"
Warning: Found clock high time violation at 259.83 ns on register "|m_group|cnt[2]"
Warning: Found clock high time violation at 259.83 ns on register "|m_group|cnt[0]"
Warning: Found clock high time violation at 259.83 ns on register "|m_group|cnt[3]"
Warning: Found clock high time violation at 259.83 ns on register "|m_group|cnt[1]"
Warning: Found clock high time violation at 260.83 ns on register "|m_group|cnt[2]"
Warning: Found clock high time violation at 260.83 ns on register "|m_group|cnt[0]"
Warning: Found clock high time violation at 260.83 ns on register "|m_group|cnt[3]"
Warning: Found clock high time violation at 260.83 ns on register "|m_group|cnt[1]"
Warning: Found clock high time violation at 261.83 ns on register "|m_group|cnt[2]"
Warning: Found clock high time violation at 261.83 ns on register "|m_group|cnt[0]"
Warning: Found clock high time violation at 261.83 ns on register "|m_group|cnt[3]"
Warning: Found clock high time violation at 261.83 ns on register "|m_group|cnt[1]"
Info: Detected more than 1000 clock time violations -- stopped clock time violation reporting
Info: Simulation partitioned into 1 sub-simulations
Info: Simulation coverage is      25.81 %
Info: Number of transitions in simulation is 13897
Info: Quartus II Simulator was successful. 0 errors, 1010 warnings
    Info: Peak virtual memory: 148 megabytes
    Info: Processing ended: Thu Aug 08 15:02:18 2013
    Info: Elapsed time: 00:00:01
    Info: Total CPU time (on all processors): 00:00:01


